ERC report (2026-08-07T22:27:53, Encoding UTF8)
Report includes: Errors, Warnings

***** Sheet /
[pin_not_connected]: Pin not connected
    ; error
    @(100.33 mm, 100.33 mm): Pin 1 [???, ?]
[lib_symbol_mismatch]: Symbol 'C' doesn't match copy in library 'Device'
    ; warning
    @(10.16 mm, 90.17 mm): Symbol C6 [C]
[lib_symbol_mismatch]: Symbol 'C' doesn't match copy in library 'Device'
    ; warning
    @(10.16 mm, 110.49 mm): Symbol C5 [C]
[lib_symbol_mismatch]: Symbol 'C' doesn't match copy in library 'Device'
    ; warning
    @(10.16 mm, 129.54 mm): Symbol C4 [C]
[lib_symbol_mismatch]: Symbol 'C' doesn't match copy in library 'Device'
    ; warning
    @(10.16 mm, 149.86 mm): Symbol C3 [C]
[lib_symbol_mismatch]: Symbol 'C' doesn't match copy in library 'Device'
    ; warning
    @(10.16 mm, 170.18 mm): Symbol C2 [C]
[lib_symbol_mismatch]: Symbol 'C' doesn't match copy in library 'Device'
    ; warning
    @(10.16 mm, 190.50 mm): Symbol C1 [C]
[isolated_pin_label]: Label connected to only one pin
    ; warning
    @(19.05 mm, 34.29 mm): Label 'MCU.PA14'
[isolated_pin_label]: Label connected to only one pin
    ; warning
    @(19.05 mm, 36.83 mm): Label 'MCU.PA13'
[no_connect_dangling]: Unconnected "no connection" flag
    ; warning
    @(19.62 mm, 40.08 mm): No Connect
[no_connect_dangling]: Unconnected "no connection" flag
    ; warning
    @(22.86 mm, 44.45 mm): No Connect
[lib_symbol_mismatch]: Symbol 'C' doesn't match copy in library 'Device'
    ; warning
    @(31.75 mm, 110.49 mm): Symbol C11 [C]
[lib_symbol_mismatch]: Symbol 'C' doesn't match copy in library 'Device'
    ; warning
    @(31.75 mm, 129.54 mm): Symbol C10 [C]
[lib_symbol_mismatch]: Symbol 'C' doesn't match copy in library 'Device'
    ; warning
    @(31.75 mm, 149.86 mm): Symbol C9 [C]
[isolated_pin_label]: Label connected to only one pin
    ; warning
    @(31.75 mm, 166.37 mm): Label 'MCU.VCAP2'
[lib_symbol_mismatch]: Symbol 'C' doesn't match copy in library 'Device'
    ; warning
    @(31.75 mm, 170.18 mm): Symbol C8 [C]
[isolated_pin_label]: Label connected to only one pin
    ; warning
    @(31.75 mm, 186.69 mm): Label 'MCU.VCAP1'
[lib_symbol_mismatch]: Symbol 'C' doesn't match copy in library 'Device'
    ; warning
    @(31.75 mm, 190.50 mm): Symbol C7 [C]
[lib_symbol_mismatch]: Symbol 'Crystal_GND24' doesn't match copy in library 'Device'
    ; warning
    @(44.45 mm, 64.77 mm): Symbol X1 [Crystal_GND24]
[no_connect_dangling]: Unconnected "no connection" flag
    ; warning
    @(50.80 mm, 69.85 mm): No Connect
[lib_symbol_mismatch]: Symbol 'SW_Push' doesn't match copy in library 'Switch'
    ; warning
    @(53.34 mm, 100.33 mm): Symbol SW1 [SW_Push]
[lib_symbol_mismatch]: Symbol 'Conn_01x02' doesn't match copy in library 'Connector_Generic'
    ; warning
    @(53.34 mm, 125.73 mm): Symbol JP1 [Conn_01x02]
[lib_symbol_mismatch]: Symbol 'R' doesn't match copy in library 'Device'
    ; warning
    @(53.34 mm, 149.86 mm): Symbol R1 [R]
[lib_symbol_mismatch]: Symbol 'C' doesn't match copy in library 'Device'
    ; warning
    @(53.34 mm, 170.18 mm): Symbol C13 [C]
[lib_symbol_mismatch]: Symbol 'C' doesn't match copy in library 'Device'
    ; warning
    @(53.34 mm, 190.50 mm): Symbol C12 [C]
[no_connect_dangling]: Unconnected "no connection" flag
    ; warning
    @(58.42 mm, 69.85 mm): No Connect
[lib_symbol_mismatch]: Symbol 'Crystal' doesn't match copy in library 'Device'
    ; warning
    @(64.77 mm, 64.77 mm): Symbol Y2 [Crystal]
[isolated_pin_label]: Label connected to only one pin
    ; warning
    @(72.39 mm, 49.53 mm): Global Label 'AGND'
[isolated_pin_label]: Label connected to only one pin
    ; warning
    @(72.39 mm, 146.05 mm): Label 'MCU.VCAP1'
[isolated_pin_label]: Label connected to only one pin
    ; warning
    @(72.39 mm, 148.59 mm): Label 'MCU.VCAP2'
[unconnected_wire_endpoint]: Unconnected wire endpoint
    ; warning
    @(74.93 mm, 36.83 mm): Horizontal Wire, length 2.54 mm
[unconnected_wire_endpoint]: Unconnected wire endpoint
    ; warning
    @(74.93 mm, 41.91 mm): Horizontal Wire, length 2.54 mm
[unconnected_wire_endpoint]: Unconnected wire endpoint
    ; warning
    @(74.93 mm, 46.99 mm): Horizontal Wire, length 2.54 mm
[unconnected_wire_endpoint]: Unconnected wire endpoint
    ; warning
    @(74.93 mm, 49.53 mm): Horizontal Wire, length 2.54 mm
[unconnected_wire_endpoint]: Unconnected wire endpoint
    ; warning
    @(74.93 mm, 54.61 mm): Horizontal Wire, length 2.54 mm
[unconnected_wire_endpoint]: Unconnected wire endpoint
    ; warning
    @(74.93 mm, 57.15 mm): Horizontal Wire, length 2.54 mm
[unconnected_wire_endpoint]: Unconnected wire endpoint
    ; warning
    @(74.93 mm, 146.05 mm): Horizontal Wire, length 2.54 mm
[unconnected_wire_endpoint]: Unconnected wire endpoint
    ; warning
    @(74.93 mm, 148.59 mm): Horizontal Wire, length 2.54 mm
[isolated_pin_label]: Label connected to only one pin
    ; warning
    @(77.47 mm, 129.54 mm): Global Label 'AGND'
[lib_symbol_mismatch]: Symbol 'PWR_FLAG' doesn't match copy in library 'power'
    ; warning
    @(77.47 mm, 129.54 mm): Symbol #FLG04 [PWR_FLAG]
[lib_symbol_mismatch]: Symbol 'PWR_FLAG' doesn't match copy in library 'power'
    ; warning
    @(77.47 mm, 144.78 mm): Symbol #FLG03 [PWR_FLAG]
[lib_symbol_mismatch]: Symbol 'PWR_FLAG' doesn't match copy in library 'power'
    ; warning
    @(77.47 mm, 160.02 mm): Symbol #FLG02 [PWR_FLAG]
[lib_symbol_mismatch]: Symbol 'PWR_FLAG' doesn't match copy in library 'power'
    ; warning
    @(77.47 mm, 175.26 mm): Symbol #FLG01 [PWR_FLAG]
[unconnected_wire_endpoint]: Unconnected wire endpoint
    ; warning
    @(92.71 mm, 29.21 mm): Vertical Wire, length 2.54 mm
[unconnected_wire_endpoint]: Unconnected wire endpoint
    ; warning
    @(95.25 mm, 29.21 mm): Vertical Wire, length 2.54 mm
[unconnected_wire_endpoint]: Unconnected wire endpoint
    ; warning
    @(97.79 mm, 29.21 mm): Vertical Wire, length 2.54 mm
[unconnected_wire_endpoint]: Unconnected wire endpoint
    ; warning
    @(100.33 mm, 29.21 mm): Vertical Wire, length 2.54 mm
[unconnected_wire_endpoint]: Unconnected wire endpoint
    ; warning
    @(100.33 mm, 168.91 mm): Vertical Wire, length 2.54 mm
[unconnected_wire_endpoint]: Unconnected wire endpoint
    ; warning
    @(102.87 mm, 29.21 mm): Vertical Wire, length 2.54 mm
[unconnected_wire_endpoint]: Unconnected wire endpoint
    ; warning
    @(102.87 mm, 168.91 mm): Vertical Wire, length 2.54 mm
[isolated_pin_label]: Label connected to only one pin
    ; warning
    @(102.87 mm, 171.45 mm): Global Label 'AGND'
[unconnected_wire_endpoint]: Unconnected wire endpoint
    ; warning
    @(105.41 mm, 29.21 mm): Vertical Wire, length 2.54 mm
[unconnected_wire_endpoint]: Unconnected wire endpoint
    ; warning
    @(107.95 mm, 29.21 mm): Vertical Wire, length 2.54 mm
[unconnected_wire_endpoint]: Unconnected wire endpoint
    ; warning
    @(110.49 mm, 29.21 mm): Vertical Wire, length 2.54 mm
[unconnected_wire_endpoint]: Unconnected wire endpoint
    ; warning
    @(128.27 mm, 69.85 mm): Horizontal Wire, length 2.54 mm
[unconnected_wire_endpoint]: Unconnected wire endpoint
    ; warning
    @(128.27 mm, 72.39 mm): Horizontal Wire, length 2.54 mm
[isolated_pin_label]: Label connected to only one pin
    ; warning
    @(130.81 mm, 69.85 mm): Label 'MCU.PA13'
[isolated_pin_label]: Label connected to only one pin
    ; warning
    @(130.81 mm, 72.39 mm): Label 'MCU.PA14'

 ** ERC messages: 58  Errors 1  Warnings 57

 ** Ignored checks:
    - Global label only appears once in the schematic
    - Four connection points are joined together
    - SPICE model issue
    - Assigned footprint doesn't match footprint filters
