Running all host tests with g++

==> [test_ckp] build
==> [test_ckp] run
tests=22 failed=0

==> [test_sensors] build
==> [test_sensors] run
=== Testes do PROMPT (obrigatórios) ===
=== Testes das correções (FIX-1, FIX-2, FIX-3) ===

tests=12 failed=0

==> [test_sensors_validation] build
==> [test_sensors_validation] run
Running EMS Sensor Validation Tests...
Sensor validation tests completed: 29 run, 0 failed

==> [test_ftm_arithmetic] build
==> [test_ftm_arithmetic] run
═══════════════════════════════════════════════════════════════
 OpenEMS HAL — FTM uint16_t Circular Arithmetic Tests
 Target: host x86_64 | FTM prescaler 2 @ 120 MHz sys clock
═══════════════════════════════════════════════════════════════

[ RUN ] test_delta_prompt_required_cases
[  OK ] test_delta_prompt_required_cases
[ RUN ] test_delta_no_overflow
[  OK ] test_delta_no_overflow
[ RUN ] test_delta_single_overflow
[  OK ] test_delta_single_overflow
[ RUN ] test_delta_overflow_at_zero
[  OK ] test_delta_overflow_at_zero
[ RUN ] test_delta_half_period
[  OK ] test_delta_half_period
[ RUN ] test_delta_limitation_at_very_low_rpm
[  OK ] test_delta_limitation_at_very_low_rpm
[ RUN ] test_ticks_to_ns_conversion
[  OK ] test_ticks_to_ns_conversion
[ RUN ] test_delta_circular_consistency
[  OK ] test_delta_circular_consistency
[ RUN ] test_reusefi_1488_scenario
[  OK ] test_reusefi_1488_scenario

═══════════════════════════════════════════════════════════════
 Results: 19 tests, 0 failed
═══════════════════════════════════════════════════════════════

==> [test_fuel] build
==> [test_fuel] run
tests=13 failed=0

==> [test_fuel_calc_assertions] build
==> [test_fuel_calc_assertions] run
Running EMS Fuel Calculation Assertions Tests...
Fuel calculation assertions tests completed: 45 run, 0 failed

==> [test_ign] build
==> [test_ign] run
FAIL test/engine/test_ign.cpp:37: expected 55 got 35
tests=3 failed=1
