ERC report (2026-08-07T22:52:19, Encoding UTF8)
Report includes: Errors, Warnings

***** Sheet /
[label_dangling]: Label not connected
    ; error
    @(130.81 mm, 49.53 mm): Global Label 'MCU.PA5'
[label_dangling]: Label not connected
    ; error
    @(130.81 mm, 64.77 mm): Global Label 'MCU.PA11'
[label_dangling]: Label not connected
    ; error
    @(130.81 mm, 67.31 mm): Global Label 'MCU.PA12'
[lib_symbol_mismatch]: Symbol 'R' doesn't match copy in library 'Device'
    ; warning
    @(12.70 mm, 25.40 mm): Symbol R25 [R]
[isolated_pin_label]: Label connected to only one pin
    ; warning
    @(12.70 mm, 29.21 mm): Global Label 'MCU.PB0'
[lib_symbol_mismatch]: Symbol 'D_TVS' doesn't match copy in library 'Device'
    ; warning
    @(12.70 mm, 50.80 mm): Symbol D1 [D_TVS]
[lib_symbol_mismatch]: Symbol 'R' doesn't match copy in library 'Device'
    ; warning
    @(12.70 mm, 63.50 mm): Symbol R2 [R]
[isolated_pin_label]: Label connected to only one pin
    ; warning
    @(12.70 mm, 85.09 mm): Global Label 'J1.MAP_SIG'
[lib_symbol_mismatch]: Symbol 'R' doesn't match copy in library 'Device'
    ; warning
    @(12.70 mm, 88.90 mm): Symbol R1 [R]
[lib_symbol_mismatch]: Symbol 'R' doesn't match copy in library 'Device'
    ; warning
    @(20.32 mm, 76.20 mm): Symbol R3 [R]
[lib_symbol_mismatch]: Symbol 'C' doesn't match copy in library 'Device'
    ; warning
    @(20.32 mm, 100.33 mm): Symbol C1 [C]
[lib_symbol_mismatch]: Symbol 'R' doesn't match copy in library 'Device'
    ; warning
    @(38.10 mm, 25.40 mm): Symbol R26 [R]
[isolated_pin_label]: Label connected to only one pin
    ; warning
    @(38.10 mm, 29.21 mm): Global Label 'MCU.PB1'
[lib_symbol_mismatch]: Symbol 'D_TVS' doesn't match copy in library 'Device'
    ; warning
    @(38.10 mm, 50.80 mm): Symbol D2 [D_TVS]
[lib_symbol_mismatch]: Symbol 'R' doesn't match copy in library 'Device'
    ; warning
    @(38.10 mm, 63.50 mm): Symbol R5 [R]
[isolated_pin_label]: Label connected to only one pin
    ; warning
    @(38.10 mm, 85.09 mm): Global Label 'J1.TPS_SIG'
[lib_symbol_mismatch]: Symbol 'R' doesn't match copy in library 'Device'
    ; warning
    @(38.10 mm, 88.90 mm): Symbol R4 [R]
[lib_symbol_mismatch]: Symbol 'R' doesn't match copy in library 'Device'
    ; warning
    @(45.72 mm, 76.20 mm): Symbol R6 [R]
[lib_symbol_mismatch]: Symbol 'C' doesn't match copy in library 'Device'
    ; warning
    @(45.72 mm, 100.33 mm): Symbol C2 [C]
[lib_symbol_mismatch]: Symbol 'R' doesn't match copy in library 'Device'
    ; warning
    @(63.50 mm, 12.70 mm): Symbol R28 [R]
[isolated_pin_label]: Label connected to only one pin
    ; warning
    @(63.50 mm, 16.51 mm): Global Label 'PGND'
[isolated_pin_label]: Label connected to only one pin
    ; warning
    @(63.50 mm, 21.59 mm): Global Label 'VBAT'
[lib_symbol_mismatch]: Symbol 'R' doesn't match copy in library 'Device'
    ; warning
    @(63.50 mm, 25.40 mm): Symbol R27 [R]
[lib_symbol_mismatch]: Symbol 'D_TVS' doesn't match copy in library 'Device'
    ; warning
    @(63.50 mm, 50.80 mm): Symbol D3 [D_TVS]
[lib_symbol_mismatch]: Symbol 'R' doesn't match copy in library 'Device'
    ; warning
    @(63.50 mm, 63.50 mm): Symbol R8 [R]
[isolated_pin_label]: Label connected to only one pin
    ; warning
    @(63.50 mm, 85.09 mm): Global Label 'J1.APP1_SIG'
[lib_symbol_mismatch]: Symbol 'R' doesn't match copy in library 'Device'
    ; warning
    @(63.50 mm, 88.90 mm): Symbol R7 [R]
[lib_symbol_mismatch]: Symbol 'R' doesn't match copy in library 'Device'
    ; warning
    @(71.12 mm, 19.05 mm): Symbol R29 [R]
[lib_symbol_mismatch]: Symbol 'R' doesn't match copy in library 'Device'
    ; warning
    @(71.12 mm, 76.20 mm): Symbol R9 [R]
[lib_symbol_mismatch]: Symbol 'C' doesn't match copy in library 'Device'
    ; warning
    @(71.12 mm, 100.33 mm): Symbol C3 [C]
[lib_symbol_mismatch]: Symbol 'C' doesn't match copy in library 'Device'
    ; warning
    @(78.74 mm, 19.05 mm): Symbol C9 [C]
[lib_symbol_mismatch]: Symbol 'D_TVS' doesn't match copy in library 'Device'
    ; warning
    @(88.90 mm, 50.80 mm): Symbol D4 [D_TVS]
[lib_symbol_mismatch]: Symbol 'R' doesn't match copy in library 'Device'
    ; warning
    @(88.90 mm, 63.50 mm): Symbol R11 [R]
[isolated_pin_label]: Label connected to only one pin
    ; warning
    @(88.90 mm, 85.09 mm): Global Label 'J1.APP2_SIG'
[lib_symbol_mismatch]: Symbol 'R' doesn't match copy in library 'Device'
    ; warning
    @(88.90 mm, 88.90 mm): Symbol R10 [R]
[lib_symbol_mismatch]: Symbol 'R' doesn't match copy in library 'Device'
    ; warning
    @(96.52 mm, 76.20 mm): Symbol R12 [R]
[lib_symbol_mismatch]: Symbol 'C' doesn't match copy in library 'Device'
    ; warning
    @(96.52 mm, 100.33 mm): Symbol C4 [C]
[lib_symbol_mismatch]: Symbol 'D_TVS' doesn't match copy in library 'Device'
    ; warning
    @(114.30 mm, 50.80 mm): Symbol D5 [D_TVS]
[lib_symbol_mismatch]: Symbol 'R' doesn't match copy in library 'Device'
    ; warning
    @(114.30 mm, 63.50 mm): Symbol R14 [R]
[isolated_pin_label]: Label connected to only one pin
    ; warning
    @(114.30 mm, 85.09 mm): Global Label 'J1.ETB_TPS1_SIG'
[lib_symbol_mismatch]: Symbol 'R' doesn't match copy in library 'Device'
    ; warning
    @(114.30 mm, 88.90 mm): Symbol R13 [R]
[lib_symbol_mismatch]: Symbol 'R' doesn't match copy in library 'Device'
    ; warning
    @(121.92 mm, 76.20 mm): Symbol R15 [R]
[lib_symbol_mismatch]: Symbol 'C' doesn't match copy in library 'Device'
    ; warning
    @(121.92 mm, 100.33 mm): Symbol C5 [C]
[lib_symbol_mismatch]: Symbol 'D_TVS' doesn't match copy in library 'Device'
    ; warning
    @(139.70 mm, 50.80 mm): Symbol D6 [D_TVS]
[lib_symbol_mismatch]: Symbol 'R' doesn't match copy in library 'Device'
    ; warning
    @(139.70 mm, 63.50 mm): Symbol R17 [R]
[isolated_pin_label]: Label connected to only one pin
    ; warning
    @(139.70 mm, 85.09 mm): Global Label 'J1.ETB_TPS2_SIG'
[lib_symbol_mismatch]: Symbol 'R' doesn't match copy in library 'Device'
    ; warning
    @(139.70 mm, 88.90 mm): Symbol R16 [R]
[lib_symbol_mismatch]: Symbol 'R' doesn't match copy in library 'Device'
    ; warning
    @(147.32 mm, 76.20 mm): Symbol R18 [R]
[lib_symbol_mismatch]: Symbol 'C' doesn't match copy in library 'Device'
    ; warning
    @(147.32 mm, 100.33 mm): Symbol C6 [C]
[lib_symbol_mismatch]: Symbol 'D_TVS' doesn't match copy in library 'Device'
    ; warning
    @(165.10 mm, 50.80 mm): Symbol D7 [D_TVS]
[lib_symbol_mismatch]: Symbol 'R' doesn't match copy in library 'Device'
    ; warning
    @(165.10 mm, 63.50 mm): Symbol R20 [R]
[isolated_pin_label]: Label connected to only one pin
    ; warning
    @(165.10 mm, 85.09 mm): Global Label 'J1.FUEL_P_SIG'
[lib_symbol_mismatch]: Symbol 'R' doesn't match copy in library 'Device'
    ; warning
    @(165.10 mm, 88.90 mm): Symbol R19 [R]
[lib_symbol_mismatch]: Symbol 'R' doesn't match copy in library 'Device'
    ; warning
    @(172.72 mm, 76.20 mm): Symbol R21 [R]
[lib_symbol_mismatch]: Symbol 'C' doesn't match copy in library 'Device'
    ; warning
    @(172.72 mm, 100.33 mm): Symbol C7 [C]
[lib_symbol_mismatch]: Symbol 'D_TVS' doesn't match copy in library 'Device'
    ; warning
    @(190.50 mm, 50.80 mm): Symbol D8 [D_TVS]
[lib_symbol_mismatch]: Symbol 'R' doesn't match copy in library 'Device'
    ; warning
    @(190.50 mm, 63.50 mm): Symbol R23 [R]
[isolated_pin_label]: Label connected to only one pin
    ; warning
    @(190.50 mm, 85.09 mm): Global Label 'J1.OIL_P_SIG'
[lib_symbol_mismatch]: Symbol 'R' doesn't match copy in library 'Device'
    ; warning
    @(190.50 mm, 88.90 mm): Symbol R22 [R]
[lib_symbol_mismatch]: Symbol 'R' doesn't match copy in library 'Device'
    ; warning
    @(198.12 mm, 76.20 mm): Symbol R24 [R]
[lib_symbol_mismatch]: Symbol 'C' doesn't match copy in library 'Device'
    ; warning
    @(198.12 mm, 100.33 mm): Symbol C8 [C]
[lib_symbol_mismatch]: Symbol 'D_TVS' doesn't match copy in library 'Device'
    ; warning
    @(12.70 mm, 88.90 mm): Symbol D1 [D_TVS]
[lib_symbol_mismatch]: Symbol 'R' doesn't match copy in library 'Device'
    ; warning
    @(25.40 mm, 88.90 mm): Symbol R1 [R]
[lib_symbol_mismatch]: Symbol 'R' doesn't match copy in library 'Device'
    ; warning
    @(38.10 mm, 63.50 mm): Symbol R3 [R]
[lib_symbol_mismatch]: Symbol 'R' doesn't match copy in library 'Device'
    ; warning
    @(38.10 mm, 88.90 mm): Symbol R2 [R]
[lib_symbol_mismatch]: Symbol 'R' doesn't match copy in library 'Device'
    ; warning
    @(50.80 mm, 63.50 mm): Symbol R4 [R]
[lib_symbol_mismatch]: Symbol 'C' doesn't match copy in library 'Device'
    ; warning
    @(63.50 mm, 63.50 mm): Symbol C1 [C]
[isolated_pin_label]: Label connected to only one pin
    ; warning
    @(12.70 mm, 85.09 mm): Global Label '+5V_SENS_B'
[lib_symbol_mismatch]: Symbol 'R' doesn't match copy in library 'Device'
    ; warning
    @(12.70 mm, 88.90 mm): Symbol R3 [R]
[lib_symbol_mismatch]: Symbol 'R' doesn't match copy in library 'Device'
    ; warning
    @(25.40 mm, 63.50 mm): Symbol R2 [R]
[isolated_pin_label]: Label connected to only one pin
    ; warning
    @(25.40 mm, 85.09 mm): Global Label 'J1.FLEX_SIG'
[lib_symbol_mismatch]: Symbol 'R' doesn't match copy in library 'Device'
    ; warning
    @(25.40 mm, 88.90 mm): Symbol R1 [R]
[lib_symbol_mismatch]: Symbol 'D_TVS' doesn't match copy in library 'Device'
    ; warning
    @(38.10 mm, 76.20 mm): Symbol D1 [D_TVS]
[lib_symbol_mismatch]: Symbol 'C' doesn't match copy in library 'Device'
    ; warning
    @(10.16 mm, 90.17 mm): Symbol C6 [C]
[lib_symbol_mismatch]: Symbol 'C' doesn't match copy in library 'Device'
    ; warning
    @(10.16 mm, 110.49 mm): Symbol C5 [C]
[lib_symbol_mismatch]: Symbol 'C' doesn't match copy in library 'Device'
    ; warning
    @(10.16 mm, 129.54 mm): Symbol C4 [C]
[lib_symbol_mismatch]: Symbol 'C' doesn't match copy in library 'Device'
    ; warning
    @(10.16 mm, 149.86 mm): Symbol C3 [C]
[lib_symbol_mismatch]: Symbol 'C' doesn't match copy in library 'Device'
    ; warning
    @(10.16 mm, 170.18 mm): Symbol C2 [C]
[lib_symbol_mismatch]: Symbol 'C' doesn't match copy in library 'Device'
    ; warning
    @(10.16 mm, 190.50 mm): Symbol C1 [C]
[isolated_pin_label]: Label connected to only one pin
    ; warning
    @(19.05 mm, 34.29 mm): Label 'MCU.PA14'
[isolated_pin_label]: Label connected to only one pin
    ; warning
    @(19.05 mm, 36.83 mm): Label 'MCU.PA13'
[lib_symbol_mismatch]: Symbol 'C' doesn't match copy in library 'Device'
    ; warning
    @(31.75 mm, 110.49 mm): Symbol C11 [C]
[lib_symbol_mismatch]: Symbol 'C' doesn't match copy in library 'Device'
    ; warning
    @(31.75 mm, 129.54 mm): Symbol C10 [C]
[lib_symbol_mismatch]: Symbol 'C' doesn't match copy in library 'Device'
    ; warning
    @(31.75 mm, 149.86 mm): Symbol C9 [C]
[isolated_pin_label]: Label connected to only one pin
    ; warning
    @(31.75 mm, 166.37 mm): Label 'MCU.VCAP2'
[lib_symbol_mismatch]: Symbol 'C' doesn't match copy in library 'Device'
    ; warning
    @(31.75 mm, 170.18 mm): Symbol C8 [C]
[isolated_pin_label]: Label connected to only one pin
    ; warning
    @(31.75 mm, 186.69 mm): Label 'MCU.VCAP1'
[lib_symbol_mismatch]: Symbol 'C' doesn't match copy in library 'Device'
    ; warning
    @(31.75 mm, 190.50 mm): Symbol C7 [C]
[lib_symbol_mismatch]: Symbol 'Crystal_GND24' doesn't match copy in library 'Device'
    ; warning
    @(44.45 mm, 64.77 mm): Symbol X1 [Crystal_GND24]
[lib_symbol_mismatch]: Symbol 'SW_Push' doesn't match copy in library 'Switch'
    ; warning
    @(53.34 mm, 100.33 mm): Symbol SW1 [SW_Push]
[lib_symbol_mismatch]: Symbol 'Conn_01x02' doesn't match copy in library 'Connector_Generic'
    ; warning
    @(53.34 mm, 125.73 mm): Symbol JP1 [Conn_01x02]
[lib_symbol_mismatch]: Symbol 'R' doesn't match copy in library 'Device'
    ; warning
    @(53.34 mm, 149.86 mm): Symbol R1 [R]
[lib_symbol_mismatch]: Symbol 'C' doesn't match copy in library 'Device'
    ; warning
    @(53.34 mm, 170.18 mm): Symbol C13 [C]
[lib_symbol_mismatch]: Symbol 'C' doesn't match copy in library 'Device'
    ; warning
    @(53.34 mm, 190.50 mm): Symbol C12 [C]
[lib_symbol_mismatch]: Symbol 'Crystal' doesn't match copy in library 'Device'
    ; warning
    @(64.77 mm, 64.77 mm): Symbol Y2 [Crystal]
[isolated_pin_label]: Label connected to only one pin
    ; warning
    @(72.39 mm, 146.05 mm): Label 'MCU.VCAP1'
[isolated_pin_label]: Label connected to only one pin
    ; warning
    @(72.39 mm, 148.59 mm): Label 'MCU.VCAP2'
[unconnected_wire_endpoint]: Unconnected wire endpoint
    ; warning
    @(74.93 mm, 36.83 mm): Horizontal Wire, length 2.54 mm
[unconnected_wire_endpoint]: Unconnected wire endpoint
    ; warning
    @(74.93 mm, 41.91 mm): Horizontal Wire, length 2.54 mm
[unconnected_wire_endpoint]: Unconnected wire endpoint
    ; warning
    @(74.93 mm, 46.99 mm): Horizontal Wire, length 2.54 mm
[unconnected_wire_endpoint]: Unconnected wire endpoint
    ; warning
    @(74.93 mm, 49.53 mm): Horizontal Wire, length 2.54 mm
[unconnected_wire_endpoint]: Unconnected wire endpoint
    ; warning
    @(74.93 mm, 54.61 mm): Horizontal Wire, length 2.54 mm
[unconnected_wire_endpoint]: Unconnected wire endpoint
    ; warning
    @(74.93 mm, 57.15 mm): Horizontal Wire, length 2.54 mm
[unconnected_wire_endpoint]: Unconnected wire endpoint
    ; warning
    @(74.93 mm, 146.05 mm): Horizontal Wire, length 2.54 mm
[unconnected_wire_endpoint]: Unconnected wire endpoint
    ; warning
    @(74.93 mm, 148.59 mm): Horizontal Wire, length 2.54 mm
[lib_symbol_mismatch]: Symbol 'PWR_FLAG' doesn't match copy in library 'power'
    ; warning
    @(77.47 mm, 129.54 mm): Symbol #FLG04 [PWR_FLAG]
[lib_symbol_mismatch]: Symbol 'PWR_FLAG' doesn't match copy in library 'power'
    ; warning
    @(77.47 mm, 144.78 mm): Symbol #FLG03 [PWR_FLAG]
[lib_symbol_mismatch]: Symbol 'PWR_FLAG' doesn't match copy in library 'power'
    ; warning
    @(77.47 mm, 160.02 mm): Symbol #FLG02 [PWR_FLAG]
[lib_symbol_mismatch]: Symbol 'PWR_FLAG' doesn't match copy in library 'power'
    ; warning
    @(77.47 mm, 175.26 mm): Symbol #FLG01 [PWR_FLAG]
[unconnected_wire_endpoint]: Unconnected wire endpoint
    ; warning
    @(92.71 mm, 29.21 mm): Vertical Wire, length 2.54 mm
[unconnected_wire_endpoint]: Unconnected wire endpoint
    ; warning
    @(95.25 mm, 29.21 mm): Vertical Wire, length 2.54 mm
[unconnected_wire_endpoint]: Unconnected wire endpoint
    ; warning
    @(97.79 mm, 29.21 mm): Vertical Wire, length 2.54 mm
[unconnected_wire_endpoint]: Unconnected wire endpoint
    ; warning
    @(100.33 mm, 29.21 mm): Vertical Wire, length 2.54 mm
[unconnected_wire_endpoint]: Unconnected wire endpoint
    ; warning
    @(100.33 mm, 168.91 mm): Vertical Wire, length 2.54 mm
[unconnected_wire_endpoint]: Unconnected wire endpoint
    ; warning
    @(102.87 mm, 29.21 mm): Vertical Wire, length 2.54 mm
[unconnected_wire_endpoint]: Unconnected wire endpoint
    ; warning
    @(102.87 mm, 168.91 mm): Vertical Wire, length 2.54 mm
[unconnected_wire_endpoint]: Unconnected wire endpoint
    ; warning
    @(105.41 mm, 29.21 mm): Vertical Wire, length 2.54 mm
[unconnected_wire_endpoint]: Unconnected wire endpoint
    ; warning
    @(107.95 mm, 29.21 mm): Vertical Wire, length 2.54 mm
[unconnected_wire_endpoint]: Unconnected wire endpoint
    ; warning
    @(110.49 mm, 29.21 mm): Vertical Wire, length 2.54 mm
[unconnected_wire_endpoint]: Unconnected wire endpoint
    ; warning
    @(128.27 mm, 39.37 mm): Horizontal Wire, length 2.54 mm
[unconnected_wire_endpoint]: Unconnected wire endpoint
    ; warning
    @(128.27 mm, 41.91 mm): Horizontal Wire, length 2.54 mm
[unconnected_wire_endpoint]: Unconnected wire endpoint
    ; warning
    @(128.27 mm, 44.45 mm): Horizontal Wire, length 2.54 mm
[unconnected_wire_endpoint]: Unconnected wire endpoint
    ; warning
    @(128.27 mm, 46.99 mm): Horizontal Wire, length 2.54 mm
[unconnected_wire_endpoint]: Unconnected wire endpoint
    ; warning
    @(128.27 mm, 49.53 mm): Horizontal Wire, length 2.54 mm
[unconnected_wire_endpoint]: Unconnected wire endpoint
    ; warning
    @(128.27 mm, 64.77 mm): Horizontal Wire, length 2.54 mm
[unconnected_wire_endpoint]: Unconnected wire endpoint
    ; warning
    @(128.27 mm, 67.31 mm): Horizontal Wire, length 2.54 mm
[unconnected_wire_endpoint]: Unconnected wire endpoint
    ; warning
    @(128.27 mm, 69.85 mm): Horizontal Wire, length 2.54 mm
[unconnected_wire_endpoint]: Unconnected wire endpoint
    ; warning
    @(128.27 mm, 72.39 mm): Horizontal Wire, length 2.54 mm
[unconnected_wire_endpoint]: Unconnected wire endpoint
    ; warning
    @(128.27 mm, 80.01 mm): Horizontal Wire, length 2.54 mm
[unconnected_wire_endpoint]: Unconnected wire endpoint
    ; warning
    @(128.27 mm, 82.55 mm): Horizontal Wire, length 2.54 mm
[unconnected_wire_endpoint]: Unconnected wire endpoint
    ; warning
    @(128.27 mm, 92.71 mm): Horizontal Wire, length 2.54 mm
[unconnected_wire_endpoint]: Unconnected wire endpoint
    ; warning
    @(128.27 mm, 120.65 mm): Horizontal Wire, length 2.54 mm
[unconnected_wire_endpoint]: Unconnected wire endpoint
    ; warning
    @(128.27 mm, 123.19 mm): Horizontal Wire, length 2.54 mm
[unconnected_wire_endpoint]: Unconnected wire endpoint
    ; warning
    @(128.27 mm, 125.73 mm): Horizontal Wire, length 2.54 mm
[unconnected_wire_endpoint]: Unconnected wire endpoint
    ; warning
    @(128.27 mm, 128.27 mm): Horizontal Wire, length 2.54 mm
[unconnected_wire_endpoint]: Unconnected wire endpoint
    ; warning
    @(128.27 mm, 130.81 mm): Horizontal Wire, length 2.54 mm
[unconnected_wire_endpoint]: Unconnected wire endpoint
    ; warning
    @(128.27 mm, 133.35 mm): Horizontal Wire, length 2.54 mm
[isolated_pin_label]: Label connected to only one pin
    ; warning
    @(130.81 mm, 69.85 mm): Label 'MCU.PA13'
[isolated_pin_label]: Label connected to only one pin
    ; warning
    @(130.81 mm, 72.39 mm): Label 'MCU.PA14'
[isolated_pin_label]: Label connected to only one pin
    ; warning
    @(130.81 mm, 80.01 mm): Global Label 'MCU.PB0'
[isolated_pin_label]: Label connected to only one pin
    ; warning
    @(130.81 mm, 82.55 mm): Global Label 'MCU.PB1'

***** Sheet /01_power/

***** Sheet /02_ckp/

***** Sheet /03_cmp/

***** Sheet /04_tle8888_hub/

***** Sheet /05_analog/

***** Sheet /06_etb/

***** Sheet /07_flex/

***** Sheet /08_usb/

***** Sheet /09_connectors/

***** Sheet /10_knock_dnp/

***** Sheet /11_mcu_h562/
[pin_not_connected]: Pin not connected
    ; error
    @(100.33 mm, 100.33 mm): Pin 1 [???, ?]
[no_connect_dangling]: Unconnected "no connection" flag
    ; warning
    @(19.62 mm, 40.08 mm): No Connect
[no_connect_dangling]: Unconnected "no connection" flag
    ; warning
    @(22.86 mm, 44.45 mm): No Connect
[no_connect_dangling]: Unconnected "no connection" flag
    ; warning
    @(50.80 mm, 69.85 mm): No Connect
[no_connect_dangling]: Unconnected "no connection" flag
    ; warning
    @(58.42 mm, 69.85 mm): No Connect

 ** ERC messages: 146  Errors 4  Warnings 142

 ** Ignored checks:
    - Global label only appears once in the schematic
    - Four connection points are joined together
    - SPICE model issue
    - Assigned footprint doesn't match footprint filters
